2025-03-04 16:21:25 pid:1 RuntimeException: class \Protocols\Wss not exist in D:\work\jiuzhou\jiuzhouApi\vendor\workerman\workerman\src\Connection\AsyncTcpConnection.php:197
Stack trace:
#0 D:\work\jiuzhou\jiuzhouApi\app\Services\HuobiWebSocketService.php(27): Workerman\Connection\AsyncTcpConnection->__construct('wss://api.huobi...')
#1 D:\work\jiuzhou\jiuzhouApi\app\Services\HuobiWebSocketService.php(19): App\Services\HuobiWebSocketService->connectToHuobi()
#2 D:\work\jiuzhou\jiuzhouApi\vendor\workerman\workerman\src\Worker.php(2571): App\Services\HuobiWebSocketService->App\Services\{closure}(Object(Workerman\Worker))
#3 [internal function]: Workerman\Worker->Workerman\{closure}()
#4 D:\work\jiuzhou\jiuzhouApi\vendor\workerman\workerman\src\Worker.php(2586): Fiber->start()
#5 D:\work\jiuzhou\jiuzhouApi\vendor\workerman\workerman\src\Worker.php(1600): Workerman\Worker->run()
#6 D:\work\jiuzhou\jiuzhouApi\vendor\workerman\workerman\src\Worker.php(1526): Workerman\Worker::forkWorkersForWindows()
#7 D:\work\jiuzhou\jiuzhouApi\vendor\workerman\workerman\src\Worker.php(593): Workerman\Worker::forkWorkers()
#8 D:\work\jiuzhou\jiuzhouApi\app\Services\HuobiWebSocketService.php(22): Workerman\Worker::runAll()
#9 D:\work\jiuzhou\jiuzhouApi\app\Console\Commands\HuobiWebSocketCommand.php(16): App\Services\HuobiWebSocketService->start()
#10 D:\work\jiuzhou\jiuzhouApi\vendor\laravel\framework\src\Illuminate\Container\BoundMethod.php(36): App\Console\Commands\HuobiWebSocketCommand->handle()
#11 D:\work\jiuzhou\jiuzhouApi\vendor\laravel\framework\src\Illuminate\Container\Util.php(41): Illuminate\Container\BoundMethod::Illuminate\Container\{closure}()
#12 D:\work\jiuzhou\jiuzhouApi\vendor\laravel\framework\src\Illuminate\Container\BoundMethod.php(93): Illuminate\Container\Util::unwrapIfClosure(Object(Closure))
#13 D:\work\jiuzhou\jiuzhouApi\vendor\laravel\framework\src\Illuminate\Container\BoundMethod.php(35): Illuminate\Container\BoundMethod::callBoundMethod(Object(Illuminate\Foundation\Application), Array, Object(Closure))
#14 D:\work\jiuzhou\jiuzhouApi\vendor\laravel\framework\src\Illuminate\Container\Container.php(662): Illuminate\Container\BoundMethod::call(Object(Illuminate\Foundation\Application), Array, Array, NULL)
#15 D:\work\jiuzhou\jiuzhouApi\vendor\laravel\framework\src\Illuminate\Console\Command.php(211): Illuminate\Container\Container->call(Array)
#16 D:\work\jiuzhou\jiuzhouApi\vendor\symfony\console\Command\Command.php(326): Illuminate\Console\Command->execute(Object(Symfony\Component\Console\Input\ArgvInput), Object(Illuminate\Console\OutputStyle))
#17 D:\work\jiuzhou\jiuzhouApi\vendor\laravel\framework\src\Illuminate\Console\Command.php(180): Symfony\Component\Console\Command\Command->run(Object(Symfony\Component\Console\Input\ArgvInput), Object(Illuminate\Console\OutputStyle))
#18 D:\work\jiuzhou\jiuzhouApi\vendor\symfony\console\Application.php(1096): Illuminate\Console\Command->run(Object(Symfony\Component\Console\Input\ArgvInput), Object(Symfony\Component\Console\Output\ConsoleOutput))
#19 D:\work\jiuzhou\jiuzhouApi\vendor\symfony\console\Application.php(324): Symfony\Component\Console\Application->doRunCommand(Object(App\Console\Commands\HuobiWebSocketCommand), Object(Symfony\Component\Console\Input\ArgvInput), Object(Symfony\Component\Console\Output\ConsoleOutput))
#20 D:\work\jiuzhou\jiuzhouApi\vendor\symfony\console\Application.php(175): Symfony\Component\Console\Application->doRun(Object(Symfony\Component\Console\Input\ArgvInput), Object(Symfony\Component\Console\Output\ConsoleOutput))
#21 D:\work\jiuzhou\jiuzhouApi\vendor\laravel\framework\src\Illuminate\Foundation\Console\Kernel.php(201): Symfony\Component\Console\Application->run(Object(Symfony\Component\Console\Input\ArgvInput), Object(Symfony\Component\Console\Output\ConsoleOutput))
#22 D:\work\jiuzhou\jiuzhouApi\artisan(35): Illuminate\Foundation\Console\Kernel->handle(Object(Symfony\Component\Console\Input\ArgvInput), Object(Symfony\Component\Console\Output\ConsoleOutput))
#23 {main}
