[2024-11-13 09:54:45] local.INFO: route 【api/register】 total 3040ms  
[2024-11-13 09:54:48] local.INFO: route 【api/financial/Recharge】 total 800ms  
[2024-11-13 09:55:01] local.INFO: route 【api/Login】 total 2570ms  
[2024-11-13 09:55:13] local.INFO: route 【api/ForgetPassword】 total 380ms  
[2024-11-13 09:55:22] local.INFO: route 【api/Login】 total 540ms  
[2024-11-13 09:55:35] local.INFO: route 【api/financial/Recharge】 total 470ms  
[2024-11-13 10:09:59] local.INFO: route 【api/financial/Recharge】 total 600ms  
[2024-11-13 10:41:26] local.INFO: route 【api/financial/Recharge】 total 390ms  
[2024-11-13 10:45:01] local.INFO: route 【api/financial/Recharge】 total 430ms  
[2024-11-13 10:45:42] local.INFO: route 【api/financial/Recharge】 total 480ms  
[2024-11-13 10:46:11] local.INFO: route 【api/financial/Recharge】 total 1670ms  
[2024-11-13 10:46:31] local.INFO: route 【api/financial/Recharge】 total 980ms  
[2024-11-13 10:47:14] local.INFO: route 【api/financial/Recharge】 total 1780ms  
[2024-11-13 10:48:04] local.INFO: route 【api/financial/Recharge】 total 1710ms  
[2024-11-13 10:58:54] local.INFO: route 【api/financial/Recharge】 total 20ms  
[2024-11-13 10:59:03] local.INFO: route 【api/Login】 total 520ms  
[2024-11-13 10:59:13] local.INFO: route 【api/financial/Recharge】 total 110ms  
[2024-11-13 10:59:29] local.INFO: route 【api/financial/Recharge】 total 3050ms  
[2024-11-13 10:59:43] local.INFO: route 【api/financial/Recharge】 total 880ms  
[2024-11-13 10:59:48] local.INFO: route 【api/financial/Recharge】 total 1030ms  
[2024-11-13 10:59:55] local.INFO: route 【api/financial/Recharge】 total 1030ms  
[2024-11-13 11:04:30] local.INFO: route 【api/financial/Recharge】 total 870ms  
[2024-11-13 12:58:51] local.INFO: route 【api/financial/Recharge】 total 20ms  
[2024-11-13 12:58:56] local.INFO: route 【api/Login】 total 420ms  
[2024-11-13 12:59:12] local.INFO: route 【api/financial/Recharge】 total 2890ms  
[2024-11-13 13:44:46] local.INFO: route 【api/register】 total 4250ms  
[2024-11-13 13:44:50] local.INFO: route 【api/RegisterSendCode】 total 3880ms  
[2024-11-13 13:44:51] local.INFO: route 【api/Login】 total 50ms  
[2024-11-13 13:44:52] local.INFO: route 【api/user/LoginOut】 total 810ms  
[2024-11-13 13:44:55] local.INFO: route 【api/ForgetPassword】 total 2650ms  
[2024-11-13 13:44:55] local.INFO: route 【api/user/ChangePassword】 total 30ms  
[2024-11-13 13:44:56] local.INFO: route 【api/user/Authentication】 total 30ms  
[2024-11-13 13:44:56] local.INFO: route 【api/user/GetAuthentication】 total 20ms  
